// Jest Snapshot v1, https://goo.gl/fbAQLP

exports[`cleanse should remove properties with values null or undefined 1`] = `
Object {
  "firstName": "Peter",
  "friends": Array [
    Object {
      "age": 0,
      "lastName": "Banner",
      "nickname": "hulk",
    },
    Object {
      "address": false,
      "firstName": "Tony",
      "friends": Array [
        Object {
          "friends": Array [],
          "nickname": "war machine",
        },
      ],
      "lastName": "Stark",
      "nickname": "iron man",
    },
  ],
  "lastName": "Parker",
  "nickname": "spiderman",
}
`;

exports[`cleanse should remove properties with values null or undefined 2`] = `
Object {
  "active": false,
  "firstName": "Black",
  "friends": Array [
    Object {
      "active": true,
      "firstName": "Natasha",
      "friends": Array [
        Object {
          "address": "MCU",
          "firstName": "Steve",
          "nickname": "Captain America",
        },
      ],
      "lastName": "Romanova",
      "nickname": "Black Widow",
    },
  ],
  "lastName": "Panter",
}
`;

exports[`cleanse should remove properties with values null or undefined 3`] = `
Object {
  "a": "foo",
  "b": "bar",
  "e": 0,
  "f": Object {
    "a": "fuz",
    "c": Object {
      "a": "biz",
      "b": "buz",
      "c": Array [
        Object {
          "a": "foo",
          "b": "bar",
          "e": 0,
          "f": false,
        },
        Object {
          "a": "foo",
          "b": "bar",
          "e": 0,
        },
        Object {
          "a": "foo",
          "b": "bar",
          "e": 0,
        },
      ],
    },
  },
}
`;
